PS C:\Users\Admin\Desktop\quiz> node --version
v18.16.1
PS C:\Users\Admin\Desktop\quiz> npm --version
9.8.0
PS C:\Users\Admin\Desktop\quiz> express --version
4.16.1
PS C:\Users\Admin\Desktop\quiz> npm install-g express-generator
Unknown command: "install-g"

Did you mean this?
    npm install # Install a package

To see a list of supported npm commands, run:
  npm help
PS C:\Users\Admin\Desktop\quiz> npm install -g express-generator
npm WARN deprecated mkdirp@0.5.1: Legacy versions of mkdirp are no longer supported. Please update to mkdirp 1.x. (Note that the API surface has changed to use Promises in 1.x.)

changed 10 packages in 3s
PS C:\Users\Admin\Desktop\quiz> express

  warning: the default view engine will not be jade in future releases
  warning: use `--view=jade' or `--help' for additional options


   create : public\
   create : public\javascripts\
   create : public\images\
   create : public\stylesheets\
   create : public\stylesheets\style.css
   create : routes\
   create : routes\index.js
   create : routes\users.js
   create : views\
   create : views\error.jade
   create : views\index.jade
   create : views\layout.jade
   create : app.js
   create : package.json
   create : bin\
   create : bin\www

   install dependencies:
     > npm install

   run the app:
     > SET DEBUG=quiz:* & npm start

PS C:\Users\Admin\Desktop\quiz> npm install
npm WARN deprecated transformers@2.1.0: Deprecated, use jstransformer
npm WARN deprecated constantinople@3.0.2: Please update to at least constantinople 3.1.1
npm WARN deprecated jade@1.11.0: Jade has been renamed to pug, please install the latest version of pug instead of jade

added 99 packages, and audited 100 packages in 8s

1 package is looking for funding
  run `npm fund` for details

8 vulnerabilities (1 low, 4 high, 3 critical)

To address all issues (including breaking changes), run:
  npm audit fix --force

Run `npm audit` for details.
PS C:\Users\Admin\Desktop\quiz> npm audit fix--force            
# npm audit report

clean-css  <4.1.11
Regular Expression Denial of Service in clean-css - https://github.com/advisories/GHSA-wxhq-pm8v-cw75
fix available via `npm audit fix --force`
Will install jade@1.9.2, which is a breaking change
node_modules/clean-css
  jade  >=0.30.0
  Depends on vulnerable versions of clean-css
  Depends on vulnerable versions of constantinople
  Depends on vulnerable versions of transformers
  node_modules/jade

constantinople  <3.1.1
Severity: critical
Sandbox Bypass Leading to Arbitrary Code Execution in constantinople - https://github.com/advisories/GHSA-4vmm-mhcq-4x9j
fix available via `npm audit fix --force`
Will install jade@1.9.2, which is a breaking change
node_modules/constantinople

qs  6.5.0 - 6.5.2
Severity: high
qs vulnerable to Prototype Pollution - https://github.com/advisories/GHSA-hrpp-h998-j3pp
fix available via `npm audit fix --force`
Will install express@4.18.2, which is outside the stated dependency range
node_modules/qs
  body-parser  1.18.0 - 1.18.3
  Depends on vulnerable versions of qs
  node_modules/body-parser
    express  4.15.4 - 4.16.4 || 5.0.0-alpha.1 - 5.0.0-alpha.7
    Depends on vulnerable versions of body-parser
    Depends on vulnerable versions of qs
    node_modules/express

uglify-js  <=2.5.0
Severity: critical
Regular Expression Denial of Service in uglify-js - https://github.com/advisories/GHSA-c9f4-xj24-8jqx
Incorrect Handling of Non-Boolean Comparisons During Minification in uglify-js - https://github.com/advisories/GHSA-34r7-q49f-h37c
fix available via `npm audit fix --force`
Will install jade@1.9.2, which is a breaking change
node_modules/transformers/node_modules/uglify-js
  transformers  >=2.0.0
  Depends on vulnerable versions of uglify-js
  node_modules/transformers

8 vulnerabilities (1 low, 4 high, 3 critical)

To address all issues (including breaking changes), run:
  npm audit fix --force
PS C:\Users\Admin\Desktop\quiz> npm audit fix--force
# npm audit report

clean-css  <4.1.11
Regular Expression Denial of Service in clean-css - https://github.com/advisories/GHSA-wxhq-pm8v-cw75
fix available via `npm audit fix --force`
Will install jade@1.9.2, which is a breaking change
node_modules/clean-css
  jade  >=0.30.0
  Depends on vulnerable versions of clean-css
  Depends on vulnerable versions of constantinople
  Depends on vulnerable versions of transformers
  node_modules/jade

constantinople  <3.1.1
Severity: critical
Sandbox Bypass Leading to Arbitrary Code Execution in constantinople - https://github.com/advisories/GHSA-4vmm-mhcq-4x9j
fix available via `npm audit fix --force`
Will install jade@1.9.2, which is a breaking change
node_modules/constantinople

qs  6.5.0 - 6.5.2
Severity: high
qs vulnerable to Prototype Pollution - https://github.com/advisories/GHSA-hrpp-h998-j3pp
fix available via `npm audit fix --force`
Will install express@4.18.2, which is outside the stated dependency range
node_modules/qs
  body-parser  1.18.0 - 1.18.3
  Depends on vulnerable versions of qs
  node_modules/body-parser
    express  4.15.4 - 4.16.4 || 5.0.0-alpha.1 - 5.0.0-alpha.7
    Depends on vulnerable versions of body-parser
    Depends on vulnerable versions of qs
    node_modules/express

uglify-js  <=2.5.0
Severity: critical
Regular Expression Denial of Service in uglify-js - https://github.com/advisories/GHSA-c9f4-xj24-8jqx
Incorrect Handling of Non-Boolean Comparisons During Minification in uglify-js - https://github.com/advisories/GHSA-34r7-q49f-h37c
fix available via `npm audit fix --force`
Will install jade@1.9.2, which is a breaking change
node_modules/transformers/node_modules/uglify-js
  transformers  >=2.0.0
  Depends on vulnerable versions of uglify-js
  node_modules/transformers

8 vulnerabilities (1 low, 4 high, 3 critical)

To address all issues (including breaking changes), run:
  npm audit fix --force
PS C:\Users\Admin\Desktop\quiz> npm audit fix--force
# npm audit report

clean-css  <4.1.11
Regular Expression Denial of Service in clean-css - https://github.com/advisories/GHSA-wxhq-pm8v-cw75
fix available via `npm audit fix --force`
Will install jade@1.9.2, which is a breaking change
node_modules/clean-css
  jade  >=0.30.0
  Depends on vulnerable versions of clean-css
  Depends on vulnerable versions of constantinople
  Depends on vulnerable versions of transformers
  node_modules/jade

constantinople  <3.1.1
Severity: critical
Sandbox Bypass Leading to Arbitrary Code Execution in constantinople - https://github.com/advisories/GHSA-4vmm-mhcq-4x9j
fix available via `npm audit fix --force`
Will install jade@1.9.2, which is a breaking change
node_modules/constantinople

qs  6.5.0 - 6.5.2
Severity: high
qs vulnerable to Prototype Pollution - https://github.com/advisories/GHSA-hrpp-h998-j3pp
fix available via `npm audit fix --force`
Will install express@4.18.2, which is outside the stated dependency range
node_modules/qs
  body-parser  1.18.0 - 1.18.3
  Depends on vulnerable versions of qs
  node_modules/body-parser
    express  4.15.4 - 4.16.4 || 5.0.0-alpha.1 - 5.0.0-alpha.7
    Depends on vulnerable versions of body-parser
    Depends on vulnerable versions of qs
    node_modules/express

uglify-js  <=2.5.0
Severity: critical
Regular Expression Denial of Service in uglify-js - https://github.com/advisories/GHSA-c9f4-xj24-8jqx
Incorrect Handling of Non-Boolean Comparisons During Minification in uglify-js - https://github.com/advisories/GHSA-34r7-q49f-h37c
fix available via `npm audit fix --force`
Will install jade@1.9.2, which is a breaking change
node_modules/transformers/node_modules/uglify-js
  transformers  >=2.0.0
  Depends on vulnerable versions of uglify-js
  node_modules/transformers

8 vulnerabilities (1 low, 4 high, 3 critical)

To address all issues (including breaking changes), run:
  npm audit fix --force
PS C:\Users\Admin\Desktop\quiz> npm audit fix--force
# npm audit report

clean-css  <4.1.11
Regular Expression Denial of Service in clean-css - https://github.com/advisories/GHSA-wxhq-pm8v-cw75
fix available via `npm audit fix --force`
Will install jade@1.9.2, which is a breaking change
node_modules/clean-css
  jade  >=0.30.0
  Depends on vulnerable versions of clean-css
  Depends on vulnerable versions of constantinople
  Depends on vulnerable versions of transformers
  node_modules/jade

constantinople  <3.1.1
Severity: critical
Sandbox Bypass Leading to Arbitrary Code Execution in constantinople - https://github.com/advisories/GHSA-4vmm-mhcq-4x9j
fix available via `npm audit fix --force`
Will install jade@1.9.2, which is a breaking change
node_modules/constantinople

qs  6.5.0 - 6.5.2
Severity: high
qs vulnerable to Prototype Pollution - https://github.com/advisories/GHSA-hrpp-h998-j3pp
fix available via `npm audit fix --force`
Will install express@4.18.2, which is outside the stated dependency range
node_modules/qs
  body-parser  1.18.0 - 1.18.3
  Depends on vulnerable versions of qs
  node_modules/body-parser
    express  4.15.4 - 4.16.4 || 5.0.0-alpha.1 - 5.0.0-alpha.7
    Depends on vulnerable versions of body-parser
    Depends on vulnerable versions of qs
    node_modules/express

uglify-js  <=2.5.0
Severity: critical
Regular Expression Denial of Service in uglify-js - https://github.com/advisories/GHSA-c9f4-xj24-8jqx
Incorrect Handling of Non-Boolean Comparisons During Minification in uglify-js - https://github.com/advisories/GHSA-34r7-q49f-h37c
fix available via `npm audit fix --force`
Will install jade@1.9.2, which is a breaking change
node_modules/transformers/node_modules/uglify-js
  transformers  >=2.0.0
  Depends on vulnerable versions of uglify-js
  node_modules/transformers

8 vulnerabilities (1 low, 4 high, 3 critical)

To address all issues (including breaking changes), run:
  npm audit fix --force
PS C:\Users\Admin\Desktop\quiz>  npm audit fix --force                      
npm WARN using --force Recommended protections disabled.
npm WARN audit Updating jade to 1.9.2, which is a SemVer major change.
npm WARN audit Updating express to 4.18.2, which is outside your stated dependency range.
npm WARN deprecated jade@1.9.2: Jade has been renamed to pug, please install the latest version of pug instead of jade

added 37 packages, removed 24 packages, changed 16 packages, and audited 113 packages in 5s

9 packages are looking for funding
  run `npm fund` for details

# npm audit report

constantinople  <3.1.1
Severity: critical
Sandbox Bypass Leading to Arbitrary Code Execution in constantinople - https://github.com/advisories/GHSA-4vmm-mhcq-4x9j
fix available via `npm audit fix --force`
Will install jade@0.31.2, which is a breaking change
node_modules/constantinople
  jade  >=0.30.0
  Depends on vulnerable versions of constantinople
  Depends on vulnerable versions of transformers
  node_modules/jade

uglify-js  <=2.5.0
Severity: critical
Regular Expression Denial of Service in uglify-js - https://github.com/advisories/GHSA-c9f4-xj24-8jqx
Incorrect Handling of Non-Boolean Comparisons During Minification in uglify-js - https://github.com/advisories/GHSA-34r7-q49f-h37c
fix available via `npm audit fix --force`
Will install jade@0.31.2, which is a breaking change
node_modules/uglify-js
  transformers  >=2.0.0
  Depends on vulnerable versions of uglify-js
  node_modules/transformers

4 vulnerabilities (1 high, 3 critical)

To address all issues (including breaking changes), run:
  npm audit fix --force
PS C:\Users\Admin\Desktop\quiz>  npm audit fix --force 
npm WARN using --force Recommended protections disabled.
npm WARN audit Updating jade to 0.31.2, which is a SemVer major change.
npm WARN deprecated mkdirp@0.3.5: Legacy versions of mkdirp are no longer supported. Please update to mkdirp 1.x. (Note that the API surface has changed to use Promises in 1.x.)
npm WARN deprecated jade@0.31.2: Jade has been renamed to pug, please install the latest version of pug instead of jade
npm WARN deprecated transformers@2.0.1: Deprecated, use jstransformer

added 11 packages, removed 8 packages, changed 7 packages, and audited 116 packages in 5s

9 packages are looking for funding
  run `npm fund` for details

# npm audit report

uglify-js  <=2.5.0
Severity: critical
Regular Expression Denial of Service in uglify-js - https://github.com/advisories/GHSA-c9f4-xj24-8jqx
Incorrect Handling of Non-Boolean Comparisons During Minification in uglify-js - https://github.com/advisories/GHSA-34r7-q49f-h37c
fix available via `npm audit fix --force`
Will install jade@0.29.0, which is a breaking change
node_modules/uglify-js
  transformers  >=2.0.0
  Depends on vulnerable versions of uglify-js
  node_modules/transformers
    jade  >=0.30.0
    Depends on vulnerable versions of transformers
    node_modules/jade

3 vulnerabilities (2 high, 1 critical)

To address all issues (including breaking changes), run:
  npm audit fix --force
PS C:\Users\Admin\Desktop\quiz>  npm audit fix --force 
npm WARN using --force Recommended protections disabled.
npm WARN audit Updating jade to 0.29.0, which is a SemVer major change.
npm WARN deprecated jade@0.29.0: Jade has been renamed to pug, please install the latest version of pug instead of jade
npm WARN deprecated transformers@1.8.3: Deprecated, use jstransformer

removed 13 packages, changed 3 packages, and audited 103 packages in 1s

9 packages are looking for funding
  run `npm fund` for details

found 0 vulnerabilities
PS C:\Users\Admin\Desktop\quiz> express   

  warning: the default view engine will not be jade in future releases
  warning: use `--view=jade' or `--help' for additional options

destination is not empty, continue? [y/N] y

   create : public\
   create : public\javascripts\
   create : public\images\
   create : public\stylesheets\
   create : public\stylesheets\style.css
   create : routes\
   create : routes\index.js
   create : routes\users.js
   create : views\
   create : views\error.jade
   create : views\index.jade
   create : views\layout.jade
   create : app.js
   create : package.json
   create : bin\
   create : bin\www

   install dependencies:
     > npm install

   run the app:
     > SET DEBUG=quiz:* & npm start

PS C:\Users\Admin\Desktop\quiz> SET DEBUG=quiz:* & npm start
At line:1 char:18
+ SET DEBUG=quiz:* & npm start
+                  ~
The ampersand (&) character is not allowed. The & operator is reserved for future use; wrap an ampersand in double quotation marks ("&") to pass it as part of a string.      
    + CategoryInfo          : ParserError: (:) [], ParentContainsErrorRecordException
    + FullyQualifiedErrorId : AmpersandNotAllowed

PS C:\Users\Admin\Desktop\quiz> SET DEBUG=quiz:*            
PS C:\Users\Admin\Desktop\quiz> npm install
npm WARN deprecated transformers@2.1.0: Deprecated, use jstransformer
npm WARN deprecated constantinople@3.0.2: Please update to at least constantinople 3.1.1
npm WARN deprecated jade@1.11.0: Jade has been renamed to pug, please install the latest version of pug instead of jade

added 39 packages, removed 42 packages, changed 20 packages, and audited 100 packages in 7s

1 package is looking for funding
  run `npm fund` for details

8 vulnerabilities (1 low, 4 high, 3 critical)

To address all issues (including breaking changes), run:
  npm audit fix --force

Run `npm audit` for details.
PS C:\Users\Admin\Desktop\quiz> SET DEBUG=quiz:*;npm start

> quiz@0.0.0 start
> node ./bin/www

Port 3000 is already in use
PS C:\Users\Admin\Desktop\quiz> SET DEBUG=quiz:*;npm start

> quiz@0.0.0 start
> node ./bin/www

GET / 200 1919.104 ms - 170
GET /stylesheets/style.css 200 13.296 ms - 111
GET /favicon.ico 404 7.171 ms - 1092
GET / 304 7.477 ms - -
GET /stylesheets/style.css 304 18.306 ms - -
GET / 304 5.794 ms - -
GET /stylesheets/style.css 304 0.636 ms - -
GET / 304 6.673 ms - -
GET /stylesheets/style.css 304 0.853 ms - -
^C^CTerminate batch job (Y/N)? Y
PS C:\Users\Admin\Desktop\quiz> SET DEBUG=quiz:*;npm start

> quiz@0.0.0 start
> node ./bin/www

GET / 200 156.425 ms - 161
GET /stylesheets/style.css 304 2.295 ms - -
^C^CTerminate batch job (Y/N)? y
PS C:\Users\Admin\Desktop\quiz> SET DEBUG=quiz:*;npm start

> quiz@0.0.0 start
> node ./bin/www

GET / 200 129.050 ms - 173
GET /stylesheets/style.css 304 1.516 ms - -
^C^CTerminate batch job (Y/N)? y
PS C:\Users\Admin\Desktop\quiz> SET DEBUG=quiz:*;npm start

> quiz@0.0.0 start
> node ./bin/www

GET / 200 116.192 ms - 195
GET /stylesheets/style.css 304 2.043 ms - -
^C^CTerminate batch job (Y/N)? y
PS C:\Users\Admin\Desktop\quiz> SET DEBUG=quiz:*;npm start

> quiz@0.0.0 start
> node ./bin/www

GET / 200 113.712 ms - 203
GET /stylesheets/style.css 304 1.221 ms - -
^C^CTerminate batch job (Y/N)? y
PS C:\Users\Admin\Desktop\quiz> npm install -g nodemon

added 33 packages in 2s

3 packages are looking for funding
  run `npm fund` for details
PS C:\Users\Admin\Desktop\quiz> nodemon
[nodemon] 3.0.1
[nodemon] to restart at any time, enter `rs`
[nodemon] watching path(s): *.*
[nodemon] watching extensions: js,mjs,cjs,json
[nodemon] starting `node ./bin/www`
GET / 200 117.881 ms - 232
GET /stylesheets/style.css 304 1.504 ms - -

